freertos.c:129:13:configureTimerForRunTimeStats	4	static
freertos.c:134:22:getRunTimeCounterValue	4	static
freertos.c:145:6:MX_FREERTOS_Init	8	static
freertos.c:202:6:Controller_handler	48	static
freertos.c:296:6:TestMode1_handler	56	static
freertos.c:387:6:TestMode2_handler	56	static
freertos.c:458:6:TestMode3_handler	56	static
freertos.c:529:6:CAN_handler	24	static
freertos.c:563:6:TestMode4_handler	56	static
freertos.c:626:6:resetMyCANTxData_TM1	4	static
freertos.c:639:6:resetMyCANTxData_TM2	4	static
freertos.c:652:6:resetMyCANTxData_TM3	4	static
freertos.c:665:6:resetMyCANTxData_TM4	4	static
