freertos.c:141:13:configureTimerForRunTimeStats	4	static
freertos.c:146:22:getRunTimeCounterValue	4	static
freertos.c:157:6:MX_FREERTOS_Init	8	static
freertos.c:217:6:Controller_handler	48	static
freertos.c:294:6:TestMode1_handler	56	static
freertos.c:385:6:TestMode2_handler	56	static
freertos.c:458:6:TestMode3_handler	56	static
freertos.c:529:6:TCPSvr_handler	16	static
freertos.c:547:6:CAN_handler	24	static
freertos.c:581:6:TestMode4_handler	16	static
freertos.c:594:6:resetMyCANTxData_TM1	4	static
freertos.c:607:6:resetMyCANTxData_TM2	4	static
freertos.c:620:6:resetMyCANTxData_TM3	4	static
